
> stargate-explorer@0.0.1 build
> tsc --noEmit && vite build

vite v5.4.21 building for production...
transforming...
✓ 143 modules transformed.
rendering chunks...
computing gzip size...
dist/episode-fleet.html                 6.87 kB │ gzip:   2.79 kB
dist/index.html                        19.40 kB │ gzip:   5.34 kB
dist/assets/game-Q7ZfJyPW.css           7.30 kB │ gzip:   2.33 kB
dist/assets/scene-review-Ddd1uiIe.js    3.92 kB │ gzip:   1.69 kB
dist/assets/episodeFleet-CK5bP8DU.js   52.09 kB │ gzip:  17.78 kB
dist/assets/index-iI5lPHFq.js          70.28 kB │ gzip:  23.28 kB
dist/assets/game-jNWSFStn.js          295.12 kB │ gzip:  98.13 kB
dist/assets/dispose-CCBuLTtO.js       624.54 kB │ gzip: 167.19 kB

(!) Some chunks are larger than 500 kB after minification. Consider:
- Using dynamic import() to code-split the application
- Use build.rollupOptions.output.manualChunks to improve chunking: https://rollupjs.org/configuration-options/#output-manualchunks
- Adjust chunk size limit for this warning via build.chunkSizeWarningLimit.
✓ built in 1.25s
